EN struktautd NULL "D:/Digit 2/DigitLabgyak/Dpot/StruktAutD.vhd" sub00/vhpl08 1561029085
EN orajel NULL "D:/Digit 2/Szimulacio/Simulare/Dport1/Dport/Orajel.vhd" sub00/vhpl00 1561029077
AR dekodolo behavioral "D:/Digit 2/Szimulacio/Simulare/Dport1/Dport/dekodolo.vhd" sub00/vhpl05 1561029082
AR dtarolo behavioral "D:/Digit 2/Szimulacio/Simulare/Dport1/Dport/Dtarolo.vhd" sub00/vhpl07 1561029084
EN dekodolo NULL "D:/Digit 2/Szimulacio/Simulare/Dport1/Dport/dekodolo.vhd" sub00/vhpl04 1561029081
AR logika behavioral "D:/Digit 2/Szimulacio/Simulare/Dport1/Dport/Logika.vhd" sub00/vhpl03 1561029080
EN logika NULL "D:/Digit 2/Szimulacio/Simulare/Dport1/Dport/Logika.vhd" sub00/vhpl02 1561029079
AR struktautd behavioral "D:/Digit 2/DigitLabgyak/Dpot/StruktAutD.vhd" sub00/vhpl09 1561029086
EN dtarolo NULL "D:/Digit 2/Szimulacio/Simulare/Dport1/Dport/Dtarolo.vhd" sub00/vhpl06 1561029083
AR orajel behavioral "D:/Digit 2/Szimulacio/Simulare/Dport1/Dport/Orajel.vhd" sub00/vhpl01 1561029078
