EN orajel NULL "D:/Digit 2/JKszamalalo/JKszamlalo/Orajel.vhd" sub00/vhpl02 1554797125
AR dekodolo behavioral "D:/Digit 2/JKszamalalo/JKszamlalo/dekodolo.vhd" sub00/vhpl01 1554797124
MO FJKC_MXILINX_JKszamlalo NULL JKszamlalo.vf vlg35/_f_j_k_c___m_x_i_l_i_n_x___j_kszamlalo.bin 1554797123
MO JKszamlalo NULL JKszamlalo.vf vlg10/_j_kszamlalo.bin 1554797123
EN dekodolo NULL "D:/Digit 2/JKszamalalo/JKszamlalo/dekodolo.vhd" sub00/vhpl00 1554797123
AR orajel behavioral "D:/Digit 2/JKszamalalo/JKszamlalo/Orajel.vhd" sub00/vhpl03 1554797126
