EN frek NULL "D:/Digit 2/FrekOszto/Frek2/FrekvenciaOsztoStrukturalisFelepitese/Frek.vhd" sub00/vhpl00 1557399965
AR jktarolo behavioral "D:/Digit 2/FrekOszto/Frek2/FrekvenciaOsztoStrukturalisFelepitese/JKtarolo.vhd" sub00/vhpl04 1557399960
EN orajel NULL "D:/Digit 2/FrekOszto/Frek2/FrekvenciaOsztoStrukturalisFelepitese/Orajel.vhd" sub00/vhpl01 1557399957
AR dekodolo behavioral "D:/Digit 2/FrekOszto/Frek2/FrekvenciaOsztoStrukturalisFelepitese/dekodolo.vhd" sub00/vhpl08 1557399964
EN jktarolo NULL "D:/Digit 2/FrekOszto/Frek2/FrekvenciaOsztoStrukturalisFelepitese/JKtarolo.vhd" sub00/vhpl03 1557399959
EN dekodolo NULL "D:/Digit 2/FrekOszto/Frek2/FrekvenciaOsztoStrukturalisFelepitese/dekodolo.vhd" sub00/vhpl07 1557399963
AR frek behavioral "D:/Digit 2/FrekOszto/Frek2/FrekvenciaOsztoStrukturalisFelepitese/Frek.vhd" sub00/vhpl09 1557399966
AR logika behavioral "D:/Digit 2/FrekOszto/Frek2/FrekvenciaOsztoStrukturalisFelepitese/Logika.vhd" sub00/vhpl06 1557399962
EN logika NULL "D:/Digit 2/FrekOszto/Frek2/FrekvenciaOsztoStrukturalisFelepitese/Logika.vhd" sub00/vhpl05 1557399961
AR orajel behavioral "D:/Digit 2/FrekOszto/Frek2/FrekvenciaOsztoStrukturalisFelepitese/Orajel.vhd" sub00/vhpl02 1557399958
