V3 3
FL "D:/Digit 2/Felosszeado/FELosszeado/Felosszeado.vhd" 2019/03/11.20:11:49 P.20131013
EN work/Felosszeado 1552327912 \
      FL "D:/Digit 2/Felosszeado/FELosszeado/Felosszeado.vhd" \
      PB ieee/std_logic_1164 1381692176
AR work/Felosszeado/Behavioral 1552327913 \
      FL "D:/Digit 2/Felosszeado/FELosszeado/Felosszeado.vhd" EN work/Felosszeado 1552327912
